<testsuites id="" name="" tests="1" failures="1" skipped="0" errors="0" time="18.36453599999845">
<testsuite name="Practice/multiplebrowser.setup.ts" timestamp="2026-05-04T17:43:14.035Z" hostname="setup" tests="1" failures="1" skipped="0" time="17.828" errors="0">
<testcase name="child browser launch" classname="Practice/multiplebrowser.setup.ts" time="17.828">
<failure message="multiplebrowser.setup.ts:18:5 child browser launch" type="FAILURE">
<![CDATA[  [setup] › Practice/multiplebrowser.setup.ts:18:5 › child browser launch ──────────────────────────

    Error: Timed out 5000ms waiting for expect(locator).toHaveURL(expected)

    Locator: locator(':root')
    Expected string: "https://www.orangehrm.com/"
    Received string: "https://orangehrm.com/"
    Call log:
      - expect.toHaveURL with timeout 5000ms
      - waiting for locator(':root')
      -   locator resolved to <html>…</html>
      -   unexpected value "https://orangehrm.com/"
      -   locator resolved to <html>…</html>
      -   unexpected value "https://orangehrm.com/"
      -   locator resolved to <html>…</html>
      -   unexpected value "https://orangehrm.com/"
      -   locator resolved to <html>…</html>
      -   unexpected value "https://orangehrm.com/"
      -   locator resolved to <html>…</html>
      -   unexpected value "https://orangehrm.com/"
      -   locator resolved to <html>…</html>
      -   unexpected value "https://orangehrm.com/"
      -   locator resolved to <html>…</html>
      -   unexpected value "https://orangehrm.com/"
      -   locator resolved to <html>…</html>
      -   unexpected value "https://orangehrm.com/"
      -   locator resolved to <html>…</html>
      -   unexpected value "https://orangehrm.com/"


      31 |     await page1.waitForLoadState();
      32 |     console.log("Child Page URL: " + page1.url());
    > 33 |     await expect(page1).toHaveURL("https://www.orangehrm.com/");
         |                         ^
      34 |
      35 |     /*// Wait for new page/window to open
      36 | const [newPage] = await Promise.all([

        at /Users/mukeshkumarkashyap/Documents/Playwright_Framework-main/tests/Practice/multiplebrowser.setup.ts:33:25

    attachment #1: screenshot (image/png) ──────────────────────────────────────────────────────────
    test-results/Practice-multiplebrowser.setup.ts-child-browser-launch-setup/test-failed-1.png
    ────────────────────────────────────────────────────────────────────────────────────────────────

    attachment #2: screenshot (image/png) ──────────────────────────────────────────────────────────
    test-results/Practice-multiplebrowser.setup.ts-child-browser-launch-setup/test-failed-2.png
    ────────────────────────────────────────────────────────────────────────────────────────────────
]]>
</failure>
<system-out>
<![CDATA[Child Page URL: https://orangehrm.com/

[[ATTACHMENT|test-results/Practice-multiplebrowser.setup.ts-child-browser-launch-setup/test-failed-1.png]]

[[ATTACHMENT|test-results/Practice-multiplebrowser.setup.ts-child-browser-launch-setup/test-failed-2.png]]
]]>
</system-out>
</testcase>
</testsuite>
</testsuites>